98 * 1024 = 100352	| Your result: 100352	| [OK]
-402 * 4096 = -1646592	| Your result: -1646592	| [OK]
1024 * -98 = -100352	| Your result: -100352	| [OK]
-1024 * -98 = 100352	| Your result: 100352	| [OK]
