01234567891011121314
01234567891011121314
01234567891011121314
01234567891011121314
01234567891011121314
01234567891011121314
01234567891011121314
01234567891011121314
01234567891011121314
01234567891011121314
